2026-10-03 10:19:02,498 [INFO] Activator:177 - 


2026-10-03 10:19:02,521 [INFO] Activator:178 - !SESSION log4j initialized
2026-10-03 10:19:13,360 [INFO] LogOutputStream:77 - [STDOUT_REDIRECT] 
2026-10-03 11:22:41,365 [ERROR] LogOutputStream:75 - [STDERR_REDIRECT] Exception in thread "org.eclipse.cdt.internal.ui.text.CReconciler" java.util.ConcurrentModificationException
2026-10-03 11:22:41,366 [ERROR] LogOutputStream:75 - [STDERR_REDIRECT] 	at java.base/java.util.HashMap$HashIterator.nextNode(HashMap.java:1605)
2026-10-03 11:22:41,368 [ERROR] LogOutputStream:75 - [STDERR_REDIRECT] 	at java.base/java.util.HashMap$ValueIterator.next(HashMap.java:1633)
2026-10-03 11:22:41,369 [ERROR] LogOutputStream:75 - [STDERR_REDIRECT] 	at org.eclipse.cdt.internal.core.model.CModelManager.mergeDeltas(CModelManager.java:1222)
2026-10-03 11:22:41,371 [ERROR] LogOutputStream:75 - [STDERR_REDIRECT] 	at org.eclipse.cdt.internal.core.model.CModelManager.fireReconcileDelta(CModelManager.java:1145)
2026-10-03 11:22:41,372 [ERROR] LogOutputStream:75 - [STDERR_REDIRECT] 	at org.eclipse.cdt.internal.core.model.CModelManager.fire(CModelManager.java:1106)
2026-10-03 11:22:41,373 [ERROR] LogOutputStream:75 - [STDERR_REDIRECT] 	at org.eclipse.cdt.internal.core.model.CModelManager.fire(CModelManager.java:1062)
2026-10-03 11:22:41,373 [ERROR] LogOutputStream:75 - [STDERR_REDIRECT] 	at org.eclipse.cdt.internal.core.model.CModelOperation.run(CModelOperation.java:621)
2026-10-03 11:22:41,374 [ERROR] LogOutputStream:75 - [STDERR_REDIRECT] 	at org.eclipse.cdt.internal.core.model.CModelOperation.runOperation(CModelOperation.java:641)
2026-10-03 11:22:41,374 [ERROR] LogOutputStream:75 - [STDERR_REDIRECT] 	at org.eclipse.cdt.internal.core.model.WorkingCopy.reconcile(WorkingCopy.java:365)
2026-10-03 11:22:41,376 [ERROR] LogOutputStream:75 - [STDERR_REDIRECT] 	at org.eclipse.cdt.internal.ui.text.CReconcilingStrategy.reconcile(CReconcilingStrategy.java:79)
2026-10-03 11:22:41,377 [ERROR] LogOutputStream:75 - [STDERR_REDIRECT] 	at org.eclipse.cdt.internal.ui.text.CReconcilingStrategy.reconcile(CReconcilingStrategy.java:64)
2026-10-03 11:22:41,377 [ERROR] LogOutputStream:75 - [STDERR_REDIRECT] 	at org.eclipse.cdt.internal.ui.text.CompositeReconcilingStrategy.reconcile(CompositeReconcilingStrategy.java:89)
2026-10-03 11:22:41,379 [ERROR] LogOutputStream:75 - [STDERR_REDIRECT] 	at org.eclipse.cdt.internal.ui.text.CCompositeReconcilingStrategy.reconcile(CCompositeReconcilingStrategy.java:90)
2026-10-03 11:22:41,380 [ERROR] LogOutputStream:75 - [STDERR_REDIRECT] 	at org.eclipse.jface.text.reconciler.MonoReconciler.process(MonoReconciler.java:77)
2026-10-03 11:22:41,380 [ERROR] LogOutputStream:75 - [STDERR_REDIRECT] 	at org.eclipse.cdt.internal.ui.text.CReconciler.process(CReconciler.java:346)
2026-10-03 11:22:41,382 [ERROR] LogOutputStream:75 - [STDERR_REDIRECT] 	at org.eclipse.jface.text.reconciler.AbstractReconciler$BackgroundWorker.run(AbstractReconciler.java:201)
2026-10-03 11:22:41,382 [ERROR] LogOutputStream:75 - [STDERR_REDIRECT] 	at java.base/java.lang.Thread.run(Thread.java:1583)
2026-10-03 15:06:17,004 [INFO] Activator:177 - 


2026-10-03 15:06:17,007 [INFO] Activator:178 - !SESSION log4j initialized
2026-10-03 15:06:22,380 [INFO] LogOutputStream:77 - [STDOUT_REDIRECT] 
